Loaded 5807 trials from 72 users on mps
Targets: raw=('felt_arousal_raw', 'felt_valence_raw', 'perceived_arousal_raw', 'perceived_valence_raw'), bins=('felt_arousal_bin', 'felt_valence_bin', 'perceived_arousal_bin', 'perceived_valence_bin'), gaps=('gap_arousal_raw', 'gap_valence_raw')
Fold 0: 2890 features, 81 tokens
Token preview: [('au:f_emotion_labelling', 202), ('au:first_fix', 202), ('au:last_frame_video', 202), ('au:p_emotion_labelling', 202), ('au:scenario', 202), ('au:second_fix', 202), ('au:video', 202), ('context', 7), ('cursor:f_emotion_labelling', 34), ('cursor:first_fix', 34), ('cursor:last_frame_video', 34), ('cursor:p_emotion_labelling', 34)]
  starting epoch 001/030
    train batch 020/063 epoch=1/30 loss=1.8413
    train batch 040/063 epoch=1/30 loss=1.6932
    train batch 060/063 epoch=1/30 loss=1.6210
    train batch 063/063 epoch=1/30 loss=1.7280
  epoch 001: train_loss=1.7616 val_loss=1.5761 train_emotion=1.2229 val_emotion=1.0804 lr=3.00e-04
    val_f1=0.243 felt_a=0.221 felt_v=0.102 perc_a=0.302 perc_v=0.347 raw_mae=1.722 gap_mae=1.323
  starting epoch 002/030
    train batch 020/063 epoch=2/30 loss=1.6439
    train batch 040/063 epoch=2/30 loss=1.6202
    train batch 060/063 epoch=2/30 loss=1.5168
    train batch 063/063 epoch=2/30 loss=1.4610
  epoch 002: train_loss=1.6002 val_loss=1.5011 train_emotion=1.1227 val_emotion=1.0162 lr=3.00e-04
  starting epoch 003/030
    train batch 020/063 epoch=3/30 loss=1.4558
    train batch 040/063 epoch=3/30 loss=1.4402
    train batch 060/063 epoch=3/30 loss=1.4600
    train batch 063/063 epoch=3/30 loss=1.6521
  epoch 003: train_loss=1.4888 val_loss=1.3450 train_emotion=1.0400 val_emotion=0.9064 lr=3.00e-04
  starting epoch 004/030
    train batch 020/063 epoch=4/30 loss=1.4077
    train batch 040/063 epoch=4/30 loss=1.3549
    train batch 060/063 epoch=4/30 loss=1.3942
    train batch 063/063 epoch=4/30 loss=1.2582
  epoch 004: train_loss=1.3609 val_loss=1.2783 train_emotion=0.9440 val_emotion=0.8605 lr=3.00e-04
  starting epoch 005/030
    train batch 020/063 epoch=5/30 loss=1.3024
    train batch 040/063 epoch=5/30 loss=1.4193
    train batch 060/063 epoch=5/30 loss=1.3252
    train batch 063/063 epoch=5/30 loss=1.2288
  epoch 005: train_loss=1.2961 val_loss=1.2843 train_emotion=0.8982 val_emotion=0.8680 lr=3.00e-04
    val_f1=0.530 felt_a=0.294 felt_v=0.594 perc_a=0.458 perc_v=0.772 raw_mae=1.436 gap_mae=1.218
  starting epoch 006/030
    train batch 020/063 epoch=6/30 loss=1.2267
    train batch 040/063 epoch=6/30 loss=1.2264
    train batch 060/063 epoch=6/30 loss=1.2977
    train batch 063/063 epoch=6/30 loss=1.4237
  epoch 006: train_loss=1.2498 val_loss=1.2173 train_emotion=0.8641 val_emotion=0.8213 lr=3.00e-04
  starting epoch 007/030
    train batch 020/063 epoch=7/30 loss=1.2126
    train batch 040/063 epoch=7/30 loss=1.2547
    train batch 060/063 epoch=7/30 loss=1.1859
    train batch 063/063 epoch=7/30 loss=1.0949
  epoch 007: train_loss=1.2050 val_loss=1.2399 train_emotion=0.8370 val_emotion=0.8420 lr=3.00e-04
  starting epoch 008/030
    train batch 020/063 epoch=8/30 loss=1.0914
    train batch 040/063 epoch=8/30 loss=1.1093
    train batch 060/063 epoch=8/30 loss=1.1820
    train batch 063/063 epoch=8/30 loss=0.9774
  epoch 008: train_loss=1.1668 val_loss=1.2064 train_emotion=0.8045 val_emotion=0.8173 lr=3.00e-04
  starting epoch 009/030
    train batch 020/063 epoch=9/30 loss=1.0826
    train batch 040/063 epoch=9/30 loss=1.0690
    train batch 060/063 epoch=9/30 loss=1.1388
    train batch 063/063 epoch=9/30 loss=1.2332
  epoch 009: train_loss=1.1456 val_loss=1.2277 train_emotion=0.7913 val_emotion=0.8375 lr=3.00e-04
  starting epoch 010/030
    train batch 020/063 epoch=10/30 loss=1.1433
    train batch 040/063 epoch=10/30 loss=1.1148
    train batch 060/063 epoch=10/30 loss=1.0779
    train batch 063/063 epoch=10/30 loss=1.3721
  epoch 010: train_loss=1.1192 val_loss=1.1638 train_emotion=0.7681 val_emotion=0.7887 lr=3.00e-04
    val_f1=0.580 felt_a=0.428 felt_v=0.600 perc_a=0.529 perc_v=0.764 raw_mae=1.271 gap_mae=1.205
  starting epoch 011/030
    train batch 020/063 epoch=11/30 loss=1.3175
    train batch 040/063 epoch=11/30 loss=0.9741
    train batch 060/063 epoch=11/30 loss=1.0785
    train batch 063/063 epoch=11/30 loss=1.3223
  epoch 011: train_loss=1.0959 val_loss=1.1534 train_emotion=0.7538 val_emotion=0.7830 lr=3.00e-04
  starting epoch 012/030
    train batch 020/063 epoch=12/30 loss=1.1885
    train batch 040/063 epoch=12/30 loss=1.0521
    train batch 060/063 epoch=12/30 loss=1.0271
    train batch 063/063 epoch=12/30 loss=1.2189
  epoch 012: train_loss=1.0689 val_loss=1.1456 train_emotion=0.7322 val_emotion=0.7760 lr=3.00e-04
  starting epoch 013/030
    train batch 020/063 epoch=13/30 loss=0.9678
    train batch 040/063 epoch=13/30 loss=1.0705
    train batch 060/063 epoch=13/30 loss=0.8944
    train batch 063/063 epoch=13/30 loss=0.7469
  epoch 013: train_loss=1.0294 val_loss=1.1710 train_emotion=0.7040 val_emotion=0.7991 lr=3.00e-04
  starting epoch 014/030
    train batch 020/063 epoch=14/30 loss=1.0090
    train batch 040/063 epoch=14/30 loss=1.1076
    train batch 060/063 epoch=14/30 loss=1.0082
    train batch 063/063 epoch=14/30 loss=0.9968
  epoch 014: train_loss=1.0075 val_loss=1.2266 train_emotion=0.6860 val_emotion=0.8362 lr=3.00e-04
  starting epoch 015/030
    train batch 020/063 epoch=15/30 loss=0.9896
    train batch 040/063 epoch=15/30 loss=1.0322
    train batch 060/063 epoch=15/30 loss=0.9840
    train batch 063/063 epoch=15/30 loss=0.8859
  epoch 015: train_loss=0.9842 val_loss=1.1757 train_emotion=0.6698 val_emotion=0.7997 lr=3.00e-04
    val_f1=0.613 felt_a=0.508 felt_v=0.646 perc_a=0.545 perc_v=0.753 raw_mae=1.234 gap_mae=1.260
  starting epoch 016/030
    train batch 020/063 epoch=16/30 loss=0.8912
    train batch 040/063 epoch=16/30 loss=0.9337
    train batch 060/063 epoch=16/30 loss=0.9796
    train batch 063/063 epoch=16/30 loss=1.0922
  epoch 016: train_loss=0.9683 val_loss=1.1554 train_emotion=0.6578 val_emotion=0.7862 lr=3.00e-04
  starting epoch 017/030
    train batch 020/063 epoch=17/30 loss=0.8095
    train batch 040/063 epoch=17/30 loss=0.8747
    train batch 060/063 epoch=17/30 loss=0.9094
    train batch 063/063 epoch=17/30 loss=1.1688
  epoch 017: train_loss=0.9253 val_loss=1.2035 train_emotion=0.6269 val_emotion=0.8340 lr=3.00e-04
  starting epoch 018/030
    train batch 020/063 epoch=18/30 loss=0.9494
    train batch 040/063 epoch=18/30 loss=0.9446
    train batch 060/063 epoch=18/30 loss=0.9633
    train batch 063/063 epoch=18/30 loss=1.0131
  epoch 018: train_loss=0.9072 val_loss=1.2293 train_emotion=0.6118 val_emotion=0.8505 lr=3.00e-04
  starting epoch 019/030
    train batch 020/063 epoch=19/30 loss=0.8856
    train batch 040/063 epoch=19/30 loss=0.7850
    train batch 060/063 epoch=19/30 loss=0.7607
    train batch 063/063 epoch=19/30 loss=1.0271
  epoch 019: train_loss=0.8943 val_loss=1.2076 train_emotion=0.6034 val_emotion=0.8328 lr=3.00e-04
  starting epoch 020/030
    train batch 020/063 epoch=20/30 loss=0.8583
    train batch 040/063 epoch=20/30 loss=0.9468
    train batch 060/063 epoch=20/30 loss=0.8106
    train batch 063/063 epoch=20/30 loss=0.7803
  epoch 020: train_loss=0.8730 val_loss=1.2076 train_emotion=0.5872 val_emotion=0.8377 lr=1.50e-04
    val_f1=0.613 felt_a=0.520 felt_v=0.644 perc_a=0.537 perc_v=0.750 raw_mae=1.223 gap_mae=1.253
  starting epoch 021/030
    train batch 020/063 epoch=21/30 loss=0.8017
    train batch 040/063 epoch=21/30 loss=0.7888
    train batch 060/063 epoch=21/30 loss=1.0096
    train batch 063/063 epoch=21/30 loss=0.7517
  epoch 021: train_loss=0.8280 val_loss=1.2641 train_emotion=0.5548 val_emotion=0.8829 lr=1.50e-04
  starting epoch 022/030
    train batch 020/063 epoch=22/30 loss=0.8667
    train batch 040/063 epoch=22/30 loss=0.8377
    train batch 060/063 epoch=22/30 loss=0.8719
    train batch 063/063 epoch=22/30 loss=0.6424
  epoch 022: train_loss=0.8113 val_loss=1.2742 train_emotion=0.5412 val_emotion=0.8942 lr=1.50e-04
  early stopping at epoch 022: best_epoch=016 monitor=val_f1 best=val_f1=0.618 no_improve=6
Fold 1: 2890 features, 81 tokens
  starting epoch 001/030
    train batch 020/063 epoch=1/30 loss=1.7583
    train batch 040/063 epoch=1/30 loss=1.7388
    train batch 060/063 epoch=1/30 loss=1.6321
    train batch 063/063 epoch=1/30 loss=1.6231
  epoch 001: train_loss=1.7649 val_loss=1.5475 train_emotion=1.2191 val_emotion=1.0967 lr=3.00e-04
    val_f1=0.252 felt_a=0.133 felt_v=0.319 perc_a=0.293 perc_v=0.263 raw_mae=1.506 gap_mae=1.316
  starting epoch 002/030
    train batch 020/063 epoch=2/30 loss=1.6123
    train batch 040/063 epoch=2/30 loss=1.5603
    train batch 060/063 epoch=2/30 loss=1.5812
    train batch 063/063 epoch=2/30 loss=1.5645
  epoch 002: train_loss=1.6039 val_loss=1.4882 train_emotion=1.1250 val_emotion=1.0532 lr=3.00e-04
  starting epoch 003/030
    train batch 020/063 epoch=3/30 loss=1.4873
    train batch 040/063 epoch=3/30 loss=1.4151
    train batch 060/063 epoch=3/30 loss=1.4789
    train batch 063/063 epoch=3/30 loss=1.4638
  epoch 003: train_loss=1.5058 val_loss=1.3568 train_emotion=1.0520 val_emotion=0.9493 lr=3.00e-04
  starting epoch 004/030
    train batch 020/063 epoch=4/30 loss=1.3447
    train batch 040/063 epoch=4/30 loss=1.2938
    train batch 060/063 epoch=4/30 loss=1.2422
    train batch 063/063 epoch=4/30 loss=1.4194
  epoch 004: train_loss=1.3674 val_loss=1.2536 train_emotion=0.9461 val_emotion=0.8771 lr=3.00e-04
  starting epoch 005/030
    train batch 020/063 epoch=5/30 loss=1.2088
    train batch 040/063 epoch=5/30 loss=1.2550
    train batch 060/063 epoch=5/30 loss=1.3962
    train batch 063/063 epoch=5/30 loss=1.2483
  epoch 005: train_loss=1.2789 val_loss=1.1808 train_emotion=0.8842 val_emotion=0.8234 lr=3.00e-04
    val_f1=0.524 felt_a=0.399 felt_v=0.488 perc_a=0.497 perc_v=0.712 raw_mae=1.162 gap_mae=1.244
  starting epoch 006/030
    train batch 020/063 epoch=6/30 loss=1.1619
    train batch 040/063 epoch=6/30 loss=1.1850
    train batch 060/063 epoch=6/30 loss=1.2838
    train batch 063/063 epoch=6/30 loss=1.4073
  epoch 006: train_loss=1.2205 val_loss=1.1520 train_emotion=0.8416 val_emotion=0.8054 lr=3.00e-04
  starting epoch 007/030
    train batch 020/063 epoch=7/30 loss=1.1450
    train batch 040/063 epoch=7/30 loss=1.2089
    train batch 060/063 epoch=7/30 loss=1.1701
    train batch 063/063 epoch=7/30 loss=1.2975
  epoch 007: train_loss=1.1731 val_loss=1.1511 train_emotion=0.8089 val_emotion=0.8013 lr=3.00e-04
  starting epoch 008/030
    train batch 020/063 epoch=8/30 loss=1.1271
    train batch 040/063 epoch=8/30 loss=1.2103
    train batch 060/063 epoch=8/30 loss=1.0916
    train batch 063/063 epoch=8/30 loss=1.1754
  epoch 008: train_loss=1.1448 val_loss=1.1431 train_emotion=0.7877 val_emotion=0.7997 lr=3.00e-04
  starting epoch 009/030
    train batch 020/063 epoch=9/30 loss=1.0778
    train batch 040/063 epoch=9/30 loss=1.0738
    train batch 060/063 epoch=9/30 loss=1.0602
    train batch 063/063 epoch=9/30 loss=1.0931
  epoch 009: train_loss=1.1169 val_loss=1.1357 train_emotion=0.7658 val_emotion=0.7913 lr=3.00e-04
  starting epoch 010/030
    train batch 020/063 epoch=10/30 loss=0.9710
    train batch 040/063 epoch=10/30 loss=1.0770
    train batch 060/063 epoch=10/30 loss=1.1289
    train batch 063/063 epoch=10/30 loss=1.1507
  epoch 010: train_loss=1.0891 val_loss=1.1406 train_emotion=0.7479 val_emotion=0.7963 lr=3.00e-04
    val_f1=0.571 felt_a=0.479 felt_v=0.545 perc_a=0.536 perc_v=0.722 raw_mae=1.120 gap_mae=1.202
  starting epoch 011/030
    train batch 020/063 epoch=11/30 loss=1.2039
    train batch 040/063 epoch=11/30 loss=1.0655
    train batch 060/063 epoch=11/30 loss=1.1236
    train batch 063/063 epoch=11/30 loss=0.9483
  epoch 011: train_loss=1.0721 val_loss=1.1443 train_emotion=0.7344 val_emotion=0.8002 lr=3.00e-04
  starting epoch 012/030
    train batch 020/063 epoch=12/30 loss=1.1400
    train batch 040/063 epoch=12/30 loss=1.1034
    train batch 060/063 epoch=12/30 loss=0.9477
    train batch 063/063 epoch=12/30 loss=0.9849
  epoch 012: train_loss=1.0345 val_loss=1.1200 train_emotion=0.7047 val_emotion=0.7851 lr=3.00e-04
  starting epoch 013/030
    train batch 020/063 epoch=13/30 loss=1.1109
    train batch 040/063 epoch=13/30 loss=0.8465
    train batch 060/063 epoch=13/30 loss=0.9296
    train batch 063/063 epoch=13/30 loss=0.9947
  epoch 013: train_loss=1.0062 val_loss=1.1455 train_emotion=0.6830 val_emotion=0.8070 lr=3.00e-04
  starting epoch 014/030
    train batch 020/063 epoch=14/30 loss=1.0614
    train batch 040/063 epoch=14/30 loss=0.9847
    train batch 060/063 epoch=14/30 loss=1.0195
    train batch 063/063 epoch=14/30 loss=1.0387
  epoch 014: train_loss=0.9845 val_loss=1.1386 train_emotion=0.6673 val_emotion=0.8025 lr=3.00e-04
  starting epoch 015/030
    train batch 020/063 epoch=15/30 loss=0.9803
    train batch 040/063 epoch=15/30 loss=0.9042
    train batch 060/063 epoch=15/30 loss=0.9818
    train batch 063/063 epoch=15/30 loss=0.8869
  epoch 015: train_loss=0.9644 val_loss=1.1238 train_emotion=0.6535 val_emotion=0.7927 lr=3.00e-04
    val_f1=0.596 felt_a=0.494 felt_v=0.590 perc_a=0.553 perc_v=0.744 raw_mae=1.089 gap_mae=1.187
  starting epoch 016/030
    train batch 020/063 epoch=16/30 loss=0.8737
    train batch 040/063 epoch=16/30 loss=0.9071
    train batch 060/063 epoch=16/30 loss=1.0101
    train batch 063/063 epoch=16/30 loss=1.0425
  epoch 016: train_loss=0.9346 val_loss=1.1817 train_emotion=0.6305 val_emotion=0.8481 lr=3.00e-04
  starting epoch 017/030
    train batch 020/063 epoch=17/30 loss=0.9690
    train batch 040/063 epoch=17/30 loss=0.9091
    train batch 060/063 epoch=17/30 loss=0.9509
    train batch 063/063 epoch=17/30 loss=0.8078
  epoch 017: train_loss=0.9047 val_loss=1.1820 train_emotion=0.6072 val_emotion=0.8479 lr=3.00e-04
  starting epoch 018/030
    train batch 020/063 epoch=18/30 loss=0.9192
    train batch 040/063 epoch=18/30 loss=0.9212
    train batch 060/063 epoch=18/30 loss=0.9575
    train batch 063/063 epoch=18/30 loss=0.8809
  epoch 018: train_loss=0.8850 val_loss=1.1926 train_emotion=0.5925 val_emotion=0.8560 lr=3.00e-04
  starting epoch 019/030
    train batch 020/063 epoch=19/30 loss=0.7828
    train batch 040/063 epoch=19/30 loss=0.8958
    train batch 060/063 epoch=19/30 loss=0.9283
    train batch 063/063 epoch=19/30 loss=0.7947
  epoch 019: train_loss=0.8711 val_loss=1.1961 train_emotion=0.5844 val_emotion=0.8615 lr=3.00e-04
  starting epoch 020/030
    train batch 020/063 epoch=20/30 loss=0.7961
    train batch 040/063 epoch=20/30 loss=0.8166
    train batch 060/063 epoch=20/30 loss=0.6975
    train batch 063/063 epoch=20/30 loss=0.9267
  epoch 020: train_loss=0.8481 val_loss=1.2546 train_emotion=0.5671 val_emotion=0.9079 lr=3.00e-04
    val_f1=0.582 felt_a=0.478 felt_v=0.570 perc_a=0.541 perc_v=0.737 raw_mae=1.142 gap_mae=1.204
  starting epoch 021/030
    train batch 020/063 epoch=21/30 loss=0.7610
    train batch 040/063 epoch=21/30 loss=0.8352
    train batch 060/063 epoch=21/30 loss=0.8174
    train batch 063/063 epoch=21/30 loss=0.9181
  epoch 021: train_loss=0.8339 val_loss=1.2538 train_emotion=0.5573 val_emotion=0.9155 lr=3.00e-04
  starting epoch 022/030
    train batch 020/063 epoch=22/30 loss=0.9038
    train batch 040/063 epoch=22/30 loss=0.7045
    train batch 060/063 epoch=22/30 loss=0.8378
    train batch 063/063 epoch=22/30 loss=0.7992
  epoch 022: train_loss=0.8145 val_loss=1.2724 train_emotion=0.5426 val_emotion=0.9323 lr=3.00e-04
  starting epoch 023/030
    train batch 020/063 epoch=23/30 loss=0.7771
    train batch 040/063 epoch=23/30 loss=0.7526
    train batch 060/063 epoch=23/30 loss=0.8647
    train batch 063/063 epoch=23/30 loss=0.6093
  epoch 023: train_loss=0.7876 val_loss=1.3036 train_emotion=0.5234 val_emotion=0.9616 lr=1.50e-04
  starting epoch 024/030
    train batch 020/063 epoch=24/30 loss=0.8125
    train batch 040/063 epoch=24/30 loss=0.6698
    train batch 060/063 epoch=24/30 loss=0.7791
    train batch 063/063 epoch=24/30 loss=0.7025
  epoch 024: train_loss=0.7618 val_loss=1.3650 train_emotion=0.5041 val_emotion=1.0142 lr=1.50e-04
  starting epoch 025/030
    train batch 020/063 epoch=25/30 loss=0.7411
    train batch 040/063 epoch=25/30 loss=0.7970
    train batch 060/063 epoch=25/30 loss=0.8896
    train batch 063/063 epoch=25/30 loss=0.7783
  epoch 025: train_loss=0.7424 val_loss=1.3873 train_emotion=0.4887 val_emotion=1.0315 lr=1.50e-04
    val_f1=0.584 felt_a=0.465 felt_v=0.576 perc_a=0.543 perc_v=0.752 raw_mae=1.182 gap_mae=1.204
  early stopping at epoch 025: best_epoch=019 monitor=val_f1 best=val_f1=0.604 no_improve=6
Fold 2: 2890 features, 81 tokens
  starting epoch 001/030
    train batch 020/062 epoch=1/30 loss=1.7866
    train batch 040/062 epoch=1/30 loss=1.7144
    train batch 060/062 epoch=1/30 loss=1.6342
    train batch 062/062 epoch=1/30 loss=1.6106
  epoch 001: train_loss=1.7497 val_loss=1.5451 train_emotion=1.2199 val_emotion=1.0582 lr=3.00e-04
    val_f1=0.344 felt_a=0.229 felt_v=0.262 perc_a=0.278 perc_v=0.606 raw_mae=1.576 gap_mae=1.430
  starting epoch 002/030
    train batch 020/062 epoch=2/30 loss=1.6354
    train batch 040/062 epoch=2/30 loss=1.5488
    train batch 060/062 epoch=2/30 loss=1.5329
    train batch 062/062 epoch=2/30 loss=1.4189
  epoch 002: train_loss=1.5398 val_loss=1.4153 train_emotion=1.0772 val_emotion=0.9615 lr=3.00e-04
  starting epoch 003/030
    train batch 020/062 epoch=3/30 loss=1.3862
    train batch 040/062 epoch=3/30 loss=1.3683
    train batch 060/062 epoch=3/30 loss=1.3154
    train batch 062/062 epoch=3/30 loss=1.3107
  epoch 003: train_loss=1.3897 val_loss=1.3617 train_emotion=0.9713 val_emotion=0.9267 lr=3.00e-04
  starting epoch 004/030
    train batch 020/062 epoch=4/30 loss=1.3475
    train batch 040/062 epoch=4/30 loss=1.2703
    train batch 060/062 epoch=4/30 loss=1.2399
    train batch 062/062 epoch=4/30 loss=1.3788
  epoch 004: train_loss=1.3036 val_loss=1.3614 train_emotion=0.9086 val_emotion=0.9282 lr=3.00e-04
  starting epoch 005/030
    train batch 020/062 epoch=5/30 loss=1.2515
    train batch 040/062 epoch=5/30 loss=1.2267
    train batch 060/062 epoch=5/30 loss=1.2661
    train batch 062/062 epoch=5/30 loss=1.2692
  epoch 005: train_loss=1.2505 val_loss=1.3085 train_emotion=0.8702 val_emotion=0.8897 lr=3.00e-04
    val_f1=0.501 felt_a=0.358 felt_v=0.478 perc_a=0.464 perc_v=0.705 raw_mae=1.346 gap_mae=1.312
  starting epoch 006/030
    train batch 020/062 epoch=6/30 loss=1.1642
    train batch 040/062 epoch=6/30 loss=1.3148
    train batch 060/062 epoch=6/30 loss=1.2986
    train batch 062/062 epoch=6/30 loss=1.1002
  epoch 006: train_loss=1.2189 val_loss=1.3061 train_emotion=0.8480 val_emotion=0.8878 lr=3.00e-04
  starting epoch 007/030
    train batch 020/062 epoch=7/30 loss=1.2916
    train batch 040/062 epoch=7/30 loss=1.2817
    train batch 060/062 epoch=7/30 loss=1.2009
    train batch 062/062 epoch=7/30 loss=1.1685
  epoch 007: train_loss=1.1989 val_loss=1.3195 train_emotion=0.8338 val_emotion=0.8977 lr=3.00e-04
  starting epoch 008/030
    train batch 020/062 epoch=8/30 loss=1.2940
    train batch 040/062 epoch=8/30 loss=1.2450
    train batch 060/062 epoch=8/30 loss=1.1560
    train batch 062/062 epoch=8/30 loss=1.2643
  epoch 008: train_loss=1.1580 val_loss=1.3208 train_emotion=0.8019 val_emotion=0.9005 lr=3.00e-04
  starting epoch 009/030
    train batch 020/062 epoch=9/30 loss=1.1122
    train batch 040/062 epoch=9/30 loss=1.1107
    train batch 060/062 epoch=9/30 loss=1.1695
    train batch 062/062 epoch=9/30 loss=1.2075
  epoch 009: train_loss=1.1238 val_loss=1.3297 train_emotion=0.7771 val_emotion=0.9084 lr=1.50e-04
  starting epoch 010/030
    train batch 020/062 epoch=10/30 loss=1.1544
    train batch 040/062 epoch=10/30 loss=1.1356
    train batch 060/062 epoch=10/30 loss=1.1845
    train batch 062/062 epoch=10/30 loss=1.2952
  epoch 010: train_loss=1.1066 val_loss=1.3187 train_emotion=0.7648 val_emotion=0.9036 lr=1.50e-04
    val_f1=0.509 felt_a=0.417 felt_v=0.463 perc_a=0.486 perc_v=0.671 raw_mae=1.326 gap_mae=1.330
  starting epoch 011/030
    train batch 020/062 epoch=11/30 loss=1.0575
    train batch 040/062 epoch=11/30 loss=0.9376
    train batch 060/062 epoch=11/30 loss=1.0263
    train batch 062/062 epoch=11/30 loss=1.1128
  epoch 011: train_loss=1.0807 val_loss=1.3344 train_emotion=0.7461 val_emotion=0.9184 lr=1.50e-04
  starting epoch 012/030
    train batch 020/062 epoch=12/30 loss=1.0311
    train batch 040/062 epoch=12/30 loss=1.0562
    train batch 060/062 epoch=12/30 loss=1.0424
    train batch 062/062 epoch=12/30 loss=1.0702
  epoch 012: train_loss=1.0723 val_loss=1.3192 train_emotion=0.7401 val_emotion=0.9059 lr=1.50e-04
  starting epoch 013/030
    train batch 020/062 epoch=13/30 loss=1.0586
    train batch 040/062 epoch=13/30 loss=1.1468
    train batch 060/062 epoch=13/30 loss=1.1212
    train batch 062/062 epoch=13/30 loss=1.0558
  epoch 013: train_loss=1.0554 val_loss=1.3265 train_emotion=0.7250 val_emotion=0.9158 lr=1.50e-04
  starting epoch 014/030
    train batch 020/062 epoch=14/30 loss=1.1433
    train batch 040/062 epoch=14/30 loss=0.9924
    train batch 060/062 epoch=14/30 loss=1.0983
    train batch 062/062 epoch=14/30 loss=0.9840
  epoch 014: train_loss=1.0452 val_loss=1.3267 train_emotion=0.7178 val_emotion=0.9209 lr=1.50e-04
  starting epoch 015/030
    train batch 020/062 epoch=15/30 loss=1.0291
    train batch 040/062 epoch=15/30 loss=1.0449
    train batch 060/062 epoch=15/30 loss=0.9643
    train batch 062/062 epoch=15/30 loss=1.0102
  epoch 015: train_loss=1.0177 val_loss=1.2978 train_emotion=0.6959 val_emotion=0.8998 lr=1.50e-04
    val_f1=0.546 felt_a=0.430 felt_v=0.549 perc_a=0.523 perc_v=0.682 raw_mae=1.271 gap_mae=1.313
  starting epoch 016/030
    train batch 020/062 epoch=16/30 loss=1.0069
    train batch 040/062 epoch=16/30 loss=0.9294
    train batch 060/062 epoch=16/30 loss=0.9112
    train batch 062/062 epoch=16/30 loss=1.0357
  epoch 016: train_loss=1.0105 val_loss=1.3404 train_emotion=0.6899 val_emotion=0.9333 lr=1.50e-04
  starting epoch 017/030
    train batch 020/062 epoch=17/30 loss=1.0380
    train batch 040/062 epoch=17/30 loss=0.9463
    train batch 060/062 epoch=17/30 loss=1.0435
    train batch 062/062 epoch=17/30 loss=1.0394
  epoch 017: train_loss=0.9926 val_loss=1.3414 train_emotion=0.6769 val_emotion=0.9411 lr=1.50e-04
  starting epoch 018/030
    train batch 020/062 epoch=18/30 loss=0.8660
    train batch 040/062 epoch=18/30 loss=1.0076
    train batch 060/062 epoch=18/30 loss=1.1275
    train batch 062/062 epoch=18/30 loss=0.8939
  epoch 018: train_loss=0.9672 val_loss=1.3629 train_emotion=0.6590 val_emotion=0.9607 lr=1.50e-04
  starting epoch 019/030
    train batch 020/062 epoch=19/30 loss=0.9379
    train batch 040/062 epoch=19/30 loss=1.0042
    train batch 060/062 epoch=19/30 loss=0.9249
    train batch 062/062 epoch=19/30 loss=0.9527
  epoch 019: train_loss=0.9508 val_loss=1.3777 train_emotion=0.6467 val_emotion=0.9742 lr=1.50e-04
  starting epoch 020/030
    train batch 020/062 epoch=20/30 loss=1.0227
    train batch 040/062 epoch=20/30 loss=0.9082
    train batch 060/062 epoch=20/30 loss=0.9758
    train batch 062/062 epoch=20/30 loss=0.9617
  epoch 020: train_loss=0.9548 val_loss=1.3789 train_emotion=0.6496 val_emotion=0.9758 lr=1.50e-04
    val_f1=0.545 felt_a=0.423 felt_v=0.514 perc_a=0.539 perc_v=0.706 raw_mae=1.290 gap_mae=1.307
  starting epoch 021/030
    train batch 020/062 epoch=21/30 loss=0.9814
    train batch 040/062 epoch=21/30 loss=0.9600
    train batch 060/062 epoch=21/30 loss=0.8765
    train batch 062/062 epoch=21/30 loss=0.9964
  epoch 021: train_loss=0.9323 val_loss=1.3580 train_emotion=0.6341 val_emotion=0.9525 lr=1.50e-04
  starting epoch 022/030
    train batch 020/062 epoch=22/30 loss=0.9372
    train batch 040/062 epoch=22/30 loss=0.9195
    train batch 060/062 epoch=22/30 loss=1.0056
    train batch 062/062 epoch=22/30 loss=0.9675
  epoch 022: train_loss=0.9156 val_loss=1.4141 train_emotion=0.6201 val_emotion=1.0125 lr=1.50e-04
  starting epoch 023/030
    train batch 020/062 epoch=23/30 loss=0.9276
    train batch 040/062 epoch=23/30 loss=0.8294
    train batch 060/062 epoch=23/30 loss=0.8578
    train batch 062/062 epoch=23/30 loss=0.9439
  epoch 023: train_loss=0.8985 val_loss=1.4029 train_emotion=0.6082 val_emotion=1.0018 lr=1.50e-04
  starting epoch 024/030
    train batch 020/062 epoch=24/30 loss=0.8511
    train batch 040/062 epoch=24/30 loss=0.8846
    train batch 060/062 epoch=24/30 loss=0.8272
    train batch 062/062 epoch=24/30 loss=0.9697
  epoch 024: train_loss=0.8784 val_loss=1.4190 train_emotion=0.5925 val_emotion=1.0207 lr=1.50e-04
  starting epoch 025/030
    train batch 020/062 epoch=25/30 loss=0.8199
    train batch 040/062 epoch=25/30 loss=0.9014
    train batch 060/062 epoch=25/30 loss=0.8625
    train batch 062/062 epoch=25/30 loss=0.9190
  epoch 025: train_loss=0.8716 val_loss=1.3979 train_emotion=0.5869 val_emotion=1.0047 lr=1.50e-04
    val_f1=0.558 felt_a=0.424 felt_v=0.544 perc_a=0.552 perc_v=0.712 raw_mae=1.272 gap_mae=1.288
  starting epoch 026/030
    train batch 020/062 epoch=26/30 loss=0.8761
    train batch 040/062 epoch=26/30 loss=0.8152
    train batch 060/062 epoch=26/30 loss=0.8156
    train batch 062/062 epoch=26/30 loss=0.8703
  epoch 026: train_loss=0.8515 val_loss=1.4395 train_emotion=0.5720 val_emotion=1.0411 lr=1.50e-04
  starting epoch 027/030
    train batch 020/062 epoch=27/30 loss=0.8626
    train batch 040/062 epoch=27/30 loss=0.8620
    train batch 060/062 epoch=27/30 loss=0.8327
    train batch 062/062 epoch=27/30 loss=0.8841
  epoch 027: train_loss=0.8388 val_loss=1.4749 train_emotion=0.5635 val_emotion=1.0760 lr=1.50e-04
  starting epoch 028/030
    train batch 020/062 epoch=28/30 loss=0.8387
    train batch 040/062 epoch=28/30 loss=0.8734
    train batch 060/062 epoch=28/30 loss=0.7179
    train batch 062/062 epoch=28/30 loss=0.8167
  epoch 028: train_loss=0.8218 val_loss=1.5032 train_emotion=0.5504 val_emotion=1.1026 lr=1.50e-04
  starting epoch 029/030
    train batch 020/062 epoch=29/30 loss=0.8102
    train batch 040/062 epoch=29/30 loss=0.9181
    train batch 060/062 epoch=29/30 loss=0.9253
    train batch 062/062 epoch=29/30 loss=0.7653
  epoch 029: train_loss=0.8141 val_loss=1.4911 train_emotion=0.5439 val_emotion=1.0911 lr=1.50e-04
  starting epoch 030/030
    train batch 020/062 epoch=30/30 loss=0.8179
    train batch 040/062 epoch=30/30 loss=0.7069
    train batch 060/062 epoch=30/30 loss=0.8247
    train batch 062/062 epoch=30/30 loss=0.6873
  epoch 030: train_loss=0.8067 val_loss=1.5165 train_emotion=0.5394 val_emotion=1.1114 lr=1.50e-04
    val_f1=0.554 felt_a=0.446 felt_v=0.558 perc_a=0.519 perc_v=0.695 raw_mae=1.304 gap_mae=1.320
Fold 3: 2890 features, 81 tokens
  starting epoch 001/030
    train batch 020/063 epoch=1/30 loss=1.7882
    train batch 040/063 epoch=1/30 loss=1.7744
    train batch 060/063 epoch=1/30 loss=1.6523
    train batch 063/063 epoch=1/30 loss=1.6994
  epoch 001: train_loss=1.7845 val_loss=1.4714 train_emotion=1.2440 val_emotion=1.0601 lr=3.00e-04
    val_f1=0.330 felt_a=0.324 felt_v=0.429 perc_a=0.210 perc_v=0.358 raw_mae=1.464 gap_mae=1.181
  starting epoch 002/030
    train batch 020/063 epoch=2/30 loss=1.6822
    train batch 040/063 epoch=2/30 loss=1.5629
    train batch 060/063 epoch=2/30 loss=1.5859
    train batch 063/063 epoch=2/30 loss=1.5829
  epoch 002: train_loss=1.5854 val_loss=1.3444 train_emotion=1.1056 val_emotion=0.9733 lr=3.00e-04
  starting epoch 003/030
    train batch 020/063 epoch=3/30 loss=1.4544
    train batch 040/063 epoch=3/30 loss=1.4829
    train batch 060/063 epoch=3/30 loss=1.3852
    train batch 063/063 epoch=3/30 loss=1.3925
  epoch 003: train_loss=1.4261 val_loss=1.1894 train_emotion=0.9895 val_emotion=0.8679 lr=3.00e-04
  starting epoch 004/030
    train batch 020/063 epoch=4/30 loss=1.2804
    train batch 040/063 epoch=4/30 loss=1.2929
/var/folders/36/m_5br8615nn0xjj7xr694rq40000gn/T/tmpii9tflvl: line 3: 42278 Terminated: 15          python -u -m mumtaffect.train_v2 --pickle data/raw/dataset_mumt_v2.pkl --out_dir mumtaffect/grid_results_v2/zero_shot_regularized --folds 5 --epochs 30 --metric_interval 5 --batch_log_interval 20 --early_stop_patience 6 --min_epochs 5 --device auto
